working directory => staging area => local repo => remote repo

test project      => git add     => git commit  => git push

================== git status =================
==> git status
/ tracked
/ untraked


============= git staging =============
==> git add fil_name
==> git add .


================= git track ============
// chk wather a file updated or not or added or not
// it track change or version control

================= git diff ==============
==> git diff
//difference after modified

================= stage and unsatge ==========
==> git restore hello.cpp
//u can restore to privious condition


=========================================
=== moving staging area to local repo ===

======= git commit =======
$ git commit -m "messaagae" 

====== git commit status ===========
Shehab@SHEHAB MINGW64 /d/code/CODING/GIT (master)

$ git log
$ git log --oneline


========== Git unstage ==========
$ git reset


====== version control ===========
$ git log --oneline
    bf22a77 (HEAD -> master) one
    f9636d7 Bangladesh added
    43668c0 c++ updated

$ git checkout f9636d7

//undo
$ git checkout master